<?xml version="1.0" encoding="utf-8"?>
<TestRun id="6411fd07-3baf-4f35-90dd-2ed79ebc8c98" name="alexandre.assis@NB-T405216 2026-03-18 11:49:49" runUser="NB-T405216\CodexSandboxOffline" xmlns="http://microsoft.com/schemas/VisualStudio/TeamTest/2010">
  <Times creation="2026-03-18T11:49:49.1500374-03:00" queuing="2026-03-18T11:49:49.1500379-03:00" start="2026-03-18T11:49:45.0408549-03:00" finish="2026-03-18T11:49:50.6432150-03:00" />
  <TestSettings name="default" id="adb10c2a-446d-49fc-92a1-c844665c5886">
    <Deployment runDeploymentRoot="alexandre.assis_NB-T405216_2026-03-18_11_49_49" />
  </TestSettings>
  <Results>
    <UnitTestResult executionId="9bb81c9f-bcde-44d9-bd82-33b152c9db52" testId="f467f0ec-910a-f2e9-52b9-f8cc67817593" testName="CrmObras.Application.Tests.DeleteSupplierCommandHandlerTests.HandleAsync_ShouldDeleteSupplier_WhenExists" computerName="NB-T405216" duration="00:00:00.0061748" startTime="2026-03-18T11:49:49.1461580-03:00" endTime="2026-03-18T11:49:49.1461586-03:00" testType="13cdc9d9-ddb5-4fa4-a97d-d965ccfc6d4b" outcome="Passed" testListId="8c84fa94-04c1-424b-9868-57a2d4851a1d" relativeResultsDirectory="9bb81c9f-bcde-44d9-bd82-33b152c9db52" />
    <UnitTestResult executionId="d6136c69-9203-4465-8d22-4f9ad8111f8f" testId="68c1b36c-1f5b-eaf9-1e26-bbd99f82de82" testName="CrmObras.Application.Tests.GetUserQueryHandlerTests.HandleAsync_ShouldThrow_WhenDoesNotExist" computerName="NB-T405216" duration="00:00:01.3559060" startTime="2026-03-18T11:49:49.1222974-03:00" endTime="2026-03-18T11:49:49.1222975-03:00" testType="13cdc9d9-ddb5-4fa4-a97d-d965ccfc6d4b" outcome="Passed" testListId="8c84fa94-04c1-424b-9868-57a2d4851a1d" relativeResultsDirectory="d6136c69-9203-4465-8d22-4f9ad8111f8f" />
    <UnitTestResult executionId="90a6babe-eea5-4e95-83d1-b0eac645e124" testId="298ed5e1-01e5-b05e-f06e-b14abbf4e033" testName="CrmObras.Application.Tests.GetWorkQueryHandlerTests.HandleAsync_ShouldThrowException_WhenWorkDoesNotExist" computerName="NB-T405216" duration="00:00:00.0194182" startTime="2026-03-18T11:49:49.1642410-03:00" endTime="2026-03-18T11:49:49.1642411-03:00" testType="13cdc9d9-ddb5-4fa4-a97d-d965ccfc6d4b" outcome="Passed" testListId="8c84fa94-04c1-424b-9868-57a2d4851a1d" relativeResultsDirectory="90a6babe-eea5-4e95-83d1-b0eac645e124" />
    <UnitTestResult executionId="eba89b60-8e6d-43ba-8b1a-58363b5ce083" testId="3aa84e1f-0765-4946-cbad-de50f65cbcc5" testName="CrmObras.Application.Tests.CreateExpenseCommandHandlerTests.HandleAsync_ShouldPersistExpense_WhenValid" computerName="NB-T405216" duration="00:00:00.0193362" startTime="2026-03-18T11:49:49.1551383-03:00" endTime="2026-03-18T11:49:49.1551386-03:00" testType="13cdc9d9-ddb5-4fa4-a97d-d965ccfc6d4b" outcome="Passed" testListId="8c84fa94-04c1-424b-9868-57a2d4851a1d" relativeResultsDirectory="eba89b60-8e6d-43ba-8b1a-58363b5ce083" />
    <UnitTestResult executionId="9b633ce4-d7a1-41da-a4d2-7927ce2ed1f8" testId="a99b9924-c8a5-8f4b-1dde-6fd57b153e34" testName="CrmObras.Application.Tests.WorkPermissionHandlerTests.HandleRequirementAsync_ShouldSucceed_WhenUserHasPermission" computerName="NB-T405216" duration="00:00:01.3970980" startTime="2026-03-18T11:49:50.5106008-03:00" endTime="2026-03-18T11:49:50.5106013-03:00" testType="13cdc9d9-ddb5-4fa4-a97d-d965ccfc6d4b" outcome="Passed" testListId="8c84fa94-04c1-424b-9868-57a2d4851a1d" relativeResultsDirectory="9b633ce4-d7a1-41da-a4d2-7927ce2ed1f8" />
    <UnitTestResult executionId="e3b990b2-a118-4f03-8a92-341d98097d64" testId="b2c2cf51-1279-5196-232b-025af20a53bf" testName="CrmObras.Application.Tests.ListUsersQueryHandlerTests.HandleAsync_ShouldReturnUsers" computerName="NB-T405216" duration="00:00:00.0105269" startTime="2026-03-18T11:49:49.1761219-03:00" endTime="2026-03-18T11:49:49.1761222-03:00" testType="13cdc9d9-ddb5-4fa4-a97d-d965ccfc6d4b" outcome="Passed" testListId="8c84fa94-04c1-424b-9868-57a2d4851a1d" relativeResultsDirectory="e3b990b2-a118-4f03-8a92-341d98097d64" />
    <UnitTestResult executionId="967e8389-14ac-473a-9ba5-f716a88224de" testId="01c70db9-5169-435b-571a-114cb2e89e7b" testName="CrmObras.Application.Tests.ListWorksQueryHandlerTests.HandleAsync_ShouldReturnProjects" computerName="NB-T405216" duration="00:00:00.0103957" startTime="2026-03-18T11:49:49.1756180-03:00" endTime="2026-03-18T11:49:49.1756184-03:00" testType="13cdc9d9-ddb5-4fa4-a97d-d965ccfc6d4b" outcome="Passed" testListId="8c84fa94-04c1-424b-9868-57a2d4851a1d" relativeResultsDirectory="967e8389-14ac-473a-9ba5-f716a88224de" />
    <UnitTestResult executionId="8f1d3153-fa35-4ae4-bef7-362eaa0816e2" testId="b54c4fbf-2426-2f47-62f8-7ed77b6dd926" testName="CrmObras.Application.Tests.GetSupplierQueryHandlerTests.HandleAsync_ShouldThrow_WhenDoesNotExist" computerName="NB-T405216" duration="00:00:00.4902363" startTime="2026-03-18T11:49:49.1222866-03:00" endTime="2026-03-18T11:49:49.1222866-03:00" testType="13cdc9d9-ddb5-4fa4-a97d-d965ccfc6d4b" outcome="Passed" testListId="8c84fa94-04c1-424b-9868-57a2d4851a1d" relativeResultsDirectory="8f1d3153-fa35-4ae4-bef7-362eaa0816e2" />
    <UnitTestResult executionId="65562bf3-a2f6-4302-be90-fef7d4131204" testId="9adda78e-2873-cb51-dab8-09fe21bd4395" testName="CrmObras.Application.Tests.GetWorkQueryHandlerTests.HandleAsync_ShouldReturnWork_WhenWorkExists" computerName="NB-T405216" duration="00:00:00.2412312" startTime="2026-03-18T11:49:49.4056339-03:00" endTime="2026-03-18T11:49:49.4056344-03:00" testType="13cdc9d9-ddb5-4fa4-a97d-d965ccfc6d4b" outcome="Passed" testListId="8c84fa94-04c1-424b-9868-57a2d4851a1d" relativeResultsDirectory="65562bf3-a2f6-4302-be90-fef7d4131204" />
    <UnitTestResult executionId="f9b0eb48-4d26-4cfb-89e2-9c9f8c997cb0" testId="06a4792e-928e-f6bc-cc51-552530e18ee3" testName="CrmObras.Application.Tests.ListSuppliersQueryHandlerTests.HandleAsync_ShouldReturnSuppliers" computerName="NB-T405216" duration="00:00:00.0434961" startTime="2026-03-18T11:49:49.1571573-03:00" endTime="2026-03-18T11:49:49.1571574-03:00" testType="13cdc9d9-ddb5-4fa4-a97d-d965ccfc6d4b" outcome="Passed" testListId="8c84fa94-04c1-424b-9868-57a2d4851a1d" relativeResultsDirectory="f9b0eb48-4d26-4cfb-89e2-9c9f8c997cb0" />
    <UnitTestResult executionId="47b52bfc-efb7-4bf9-b2c4-712d5b2df9a2" testId="023a3f7a-7361-ba5a-0e58-9fec87710b4a" testName="CrmObras.Application.Tests.DeleteWorkCommandHandlerTests.HandleAsync_ShouldDeleteWork_WhenWorkExists" computerName="NB-T405216" duration="00:00:00.0026119" startTime="2026-03-18T11:49:49.1649093-03:00" endTime="2026-03-18T11:49:49.1649094-03:00" testType="13cdc9d9-ddb5-4fa4-a97d-d965ccfc6d4b" outcome="Passed" testListId="8c84fa94-04c1-424b-9868-57a2d4851a1d" relativeResultsDirectory="47b52bfc-efb7-4bf9-b2c4-712d5b2df9a2" />
    <UnitTestResult executionId="fbae8aae-a247-4ef6-bac7-5e2cf6ad314d" testId="81e67599-0b32-a3f3-eec2-2a29a8ff3bd4" testName="CrmObras.Application.Tests.ProjectStageServiceTests.CreateAsync_ShouldPersistStage" computerName="NB-T405216" duration="00:00:01.3537276" startTime="2026-03-18T11:49:49.1221784-03:00" endTime="2026-03-18T11:49:49.1221784-03:00" testType="13cdc9d9-ddb5-4fa4-a97d-d965ccfc6d4b" outcome="Passed" testListId="8c84fa94-04c1-424b-9868-57a2d4851a1d" relativeResultsDirectory="fbae8aae-a247-4ef6-bac7-5e2cf6ad314d" />
    <UnitTestResult executionId="49081120-4c0d-4f97-b25b-b9304461b94c" testId="2079fcb5-ce74-816b-a339-51116b707bc7" testName="CrmObras.Application.Tests.DeleteWorkCommandHandlerTests.HandleAsync_ShouldThrowException_WhenWorkDoesNotExist" computerName="NB-T405216" duration="00:00:00.0040301" startTime="2026-03-18T11:49:49.1629728-03:00" endTime="2026-03-18T11:49:49.1629731-03:00" testType="13cdc9d9-ddb5-4fa4-a97d-d965ccfc6d4b" outcome="Passed" testListId="8c84fa94-04c1-424b-9868-57a2d4851a1d" relativeResultsDirectory="49081120-4c0d-4f97-b25b-b9304461b94c" />
    <UnitTestResult executionId="3d07de23-aaee-43e0-94d7-e4ddff8f084a" testId="2f587bed-1bde-d99b-52a3-088f74cbdd7e" testName="CrmObras.Application.Tests.AuthServiceTests.LoginAsync_ShouldThrow_WhenPasswordIsInvalid" computerName="NB-T405216" duration="00:00:00.0152424" startTime="2026-03-18T11:49:49.1804915-03:00" endTime="2026-03-18T11:49:49.1804921-03:00" testType="13cdc9d9-ddb5-4fa4-a97d-d965ccfc6d4b" outcome="Passed" testListId="8c84fa94-04c1-424b-9868-57a2d4851a1d" relativeResultsDirectory="3d07de23-aaee-43e0-94d7-e4ddff8f084a" />
    <UnitTestResult executionId="709b488b-09fb-42f6-8f55-ea756569853d" testId="59a144fb-c57e-95d3-c9bc-d436ac938466" testName="CrmObras.Application.Tests.CreateExpenseCommandHandlerTests.HandleAsync_ShouldThrow_WhenAmountIsInvalid" computerName="NB-T405216" duration="00:00:00.0023617" startTime="2026-03-18T11:49:49.1575879-03:00" endTime="2026-03-18T11:49:49.1575880-03:00" testType="13cdc9d9-ddb5-4fa4-a97d-d965ccfc6d4b" outcome="Passed" testListId="8c84fa94-04c1-424b-9868-57a2d4851a1d" relativeResultsDirectory="709b488b-09fb-42f6-8f55-ea756569853d" />
    <UnitTestResult executionId="cccdc7ab-e44d-4e2d-8241-dd2398d79374" testId="9c283b11-bc64-6486-8d66-e97e20732d87" testName="CrmObras.Application.Tests.UpdateUserCommandHandlerTests.HandleAsync_ShouldThrow_WhenDoesNotExist" computerName="NB-T405216" duration="00:00:00.0344121" startTime="2026-03-18T11:49:49.1222759-03:00" endTime="2026-03-18T11:49:49.1222760-03:00" testType="13cdc9d9-ddb5-4fa4-a97d-d965ccfc6d4b" outcome="Passed" testListId="8c84fa94-04c1-424b-9868-57a2d4851a1d" relativeResultsDirectory="cccdc7ab-e44d-4e2d-8241-dd2398d79374" />
    <UnitTestResult executionId="0299da0f-fd73-4a90-8cf9-8c3a7aaff87e" testId="ad322e45-1f33-fc78-56bb-f87c0bccd119" testName="CrmObras.Application.Tests.DeleteUserCommandHandlerTests.HandleAsync_ShouldDeleteUser_WhenExists" computerName="NB-T405216" duration="00:00:01.3523114" startTime="2026-03-18T11:49:49.0993580-03:00" endTime="2026-03-18T11:49:49.0993585-03:00" testType="13cdc9d9-ddb5-4fa4-a97d-d965ccfc6d4b" outcome="Passed" testListId="8c84fa94-04c1-424b-9868-57a2d4851a1d" relativeResultsDirectory="0299da0f-fd73-4a90-8cf9-8c3a7aaff87e" />
    <UnitTestResult executionId="316d7a8e-76cc-44f0-9338-6e5348d47f4d" testId="abf7c337-b495-0dc6-91f4-dbd3fa420a65" testName="CrmObras.Application.Tests.UploadDocumentCommandHandlerTests.HandleAsync_ShouldThrow_WhenCategoryIsMissing" computerName="NB-T405216" duration="00:00:00.0120114" startTime="2026-03-18T11:49:49.1242286-03:00" endTime="2026-03-18T11:49:49.1242287-03:00" testType="13cdc9d9-ddb5-4fa4-a97d-d965ccfc6d4b" outcome="Passed" testListId="8c84fa94-04c1-424b-9868-57a2d4851a1d" relativeResultsDirectory="316d7a8e-76cc-44f0-9338-6e5348d47f4d" />
    <UnitTestResult executionId="c018e600-fbad-4091-ba1f-75c3287da225" testId="767bb756-bda9-a886-ee45-c16b13500985" testName="CrmObras.Application.Tests.UpdateSupplierCommandHandlerTests.HandleAsync_ShouldUpdateSupplier_WhenExists" computerName="NB-T405216" duration="00:00:00.0040961" startTime="2026-03-18T11:49:49.1617536-03:00" endTime="2026-03-18T11:49:49.1617539-03:00" testType="13cdc9d9-ddb5-4fa4-a97d-d965ccfc6d4b" outcome="Passed" testListId="8c84fa94-04c1-424b-9868-57a2d4851a1d" relativeResultsDirectory="c018e600-fbad-4091-ba1f-75c3287da225" />
    <UnitTestResult executionId="8bca0113-1a26-4d5c-97ca-07eb1e5c7f02" testId="fb0a19ba-6185-e3e9-acef-66b0cc3e326f" testName="CrmObras.Application.Tests.GetProjectCostSummaryQueryHandlerTests.HandleAsync_ShouldConsolidateCostsByType" computerName="NB-T405216" duration="00:00:01.3861881" startTime="2026-03-18T11:49:49.1331391-03:00" endTime="2026-03-18T11:49:49.1331395-03:00" testType="13cdc9d9-ddb5-4fa4-a97d-d965ccfc6d4b" outcome="Passed" testListId="8c84fa94-04c1-424b-9868-57a2d4851a1d" relativeResultsDirectory="8bca0113-1a26-4d5c-97ca-07eb1e5c7f02" />
    <UnitTestResult executionId="ad51a33e-c8d1-4381-b939-5c79158703d2" testId="6a1d33fd-7607-0444-ab5f-aa0981472f1f" testName="CrmObras.Application.Tests.CreateSupplierCommandHandlerTests.HandleAsync_ShouldCreateSupplier" computerName="NB-T405216" duration="00:00:00.0175513" startTime="2026-03-18T11:49:49.1639922-03:00" endTime="2026-03-18T11:49:49.1639923-03:00" testType="13cdc9d9-ddb5-4fa4-a97d-d965ccfc6d4b" outcome="Passed" testListId="8c84fa94-04c1-424b-9868-57a2d4851a1d" relativeResultsDirectory="ad51a33e-c8d1-4381-b939-5c79158703d2" />
    <UnitTestResult executionId="1a76a6a2-f349-4e9e-861f-25c96e45d094" testId="b21f6f83-0782-aeff-76ec-c7e3ae44c255" testName="CrmObras.Application.Tests.UpdateWorkCommandHandlerTests.HandleAsync_ShouldThrowException_WhenWorkDoesNotExist" computerName="NB-T405216" duration="00:00:01.3527276" startTime="2026-03-18T11:49:49.1218823-03:00" endTime="2026-03-18T11:49:49.1218823-03:00" testType="13cdc9d9-ddb5-4fa4-a97d-d965ccfc6d4b" outcome="Passed" testListId="8c84fa94-04c1-424b-9868-57a2d4851a1d" relativeResultsDirectory="1a76a6a2-f349-4e9e-861f-25c96e45d094" />
    <UnitTestResult executionId="37b5663d-774f-4206-935a-4d48082fc00c" testId="9b09a79c-a9e6-037b-282a-d869a7315eda" testName="CrmObras.Application.Tests.UpdateWorkCommandHandlerTests.HandleAsync_ShouldUpdateWork_WhenWorkExists" computerName="NB-T405216" duration="00:00:00.3144319" startTime="2026-03-18T11:49:49.4142585-03:00" endTime="2026-03-18T11:49:49.4142590-03:00" testType="13cdc9d9-ddb5-4fa4-a97d-d965ccfc6d4b" outcome="Passed" testListId="8c84fa94-04c1-424b-9868-57a2d4851a1d" relativeResultsDirectory="37b5663d-774f-4206-935a-4d48082fc00c" />
    <UnitTestResult executionId="514122dc-a079-4d98-83ae-0b025093f515" testId="ac82865b-8374-2045-2c1b-30a15f0585d0" testName="CrmObras.Application.Tests.UpdateSupplierCommandHandlerTests.HandleAsync_ShouldThrow_WhenDoesNotExist" computerName="NB-T405216" duration="00:00:00.0032391" startTime="2026-03-18T11:49:49.1650564-03:00" endTime="2026-03-18T11:49:49.1650565-03:00" testType="13cdc9d9-ddb5-4fa4-a97d-d965ccfc6d4b" outcome="Passed" testListId="8c84fa94-04c1-424b-9868-57a2d4851a1d" relativeResultsDirectory="514122dc-a079-4d98-83ae-0b025093f515" />
    <UnitTestResult executionId="b5978e54-b632-4364-84a8-31e1fafb12da" testId="b7a10502-3884-a088-3018-6b61d7d22712" testName="CrmObras.Application.Tests.GetUserQueryHandlerTests.HandleAsync_ShouldReturnUser_WhenExists" computerName="NB-T405216" duration="00:00:00.0113399" startTime="2026-03-18T11:49:49.1244483-03:00" endTime="2026-03-18T11:49:49.1244483-03:00" testType="13cdc9d9-ddb5-4fa4-a97d-d965ccfc6d4b" outcome="Passed" testListId="8c84fa94-04c1-424b-9868-57a2d4851a1d" relativeResultsDirectory="b5978e54-b632-4364-84a8-31e1fafb12da" />
    <UnitTestResult executionId="8684a7be-c4d4-4dfd-807e-aec701f7a908" testId="9d84270f-941b-cb18-2e36-e2982dd33a25" testName="CrmObras.Application.Tests.AuthServiceTests.RegisterAsync_ShouldCreateUserAndReturnToken" computerName="NB-T405216" duration="00:00:00.1110723" startTime="2026-03-18T11:49:49.2917572-03:00" endTime="2026-03-18T11:49:49.2917577-03:00" testType="13cdc9d9-ddb5-4fa4-a97d-d965ccfc6d4b" outcome="Passed" testListId="8c84fa94-04c1-424b-9868-57a2d4851a1d" relativeResultsDirectory="8684a7be-c4d4-4dfd-807e-aec701f7a908" />
    <UnitTestResult executionId="95f534e2-d4f3-4ec7-997e-b86691c84f3a" testId="27b64a79-18e0-c710-75d2-393e847d6ad7" testName="CrmObras.Application.Tests.DeleteSupplierCommandHandlerTests.HandleAsync_ShouldThrow_WhenDoesNotExist" computerName="NB-T405216" duration="00:00:00.0251093" startTime="2026-03-18T11:49:49.1397763-03:00" endTime="2026-03-18T11:49:49.1397768-03:00" testType="13cdc9d9-ddb5-4fa4-a97d-d965ccfc6d4b" outcome="Passed" testListId="8c84fa94-04c1-424b-9868-57a2d4851a1d" relativeResultsDirectory="95f534e2-d4f3-4ec7-997e-b86691c84f3a" />
    <UnitTestResult executionId="5bf894e3-5fbd-44fe-af14-64dfd54b0562" testId="6e302d78-f972-30c6-9fbd-30b2e1e271ca" testName="CrmObras.Application.Tests.CreateWorkCommandHandlerTests.HandleAsync_ShouldPersistProject_WhenValid" computerName="NB-T405216" duration="00:00:00.0504866" startTime="2026-03-18T11:49:49.1695107-03:00" endTime="2026-03-18T11:49:49.1695109-03:00" testType="13cdc9d9-ddb5-4fa4-a97d-d965ccfc6d4b" outcome="Passed" testListId="8c84fa94-04c1-424b-9868-57a2d4851a1d" relativeResultsDirectory="5bf894e3-5fbd-44fe-af14-64dfd54b0562" />
    <UnitTestResult executionId="519afda2-12b9-4365-8569-3e3eef6e328b" testId="b52ead08-d3c9-bcec-f9af-d2960096a9a7" testName="CrmObras.Application.Tests.MaterialServiceTests.CreateAndList_ShouldReturnMaterialDtos" computerName="NB-T405216" duration="00:00:00.0590810" startTime="2026-03-18T11:49:49.1725555-03:00" endTime="2026-03-18T11:49:49.1725557-03:00" testType="13cdc9d9-ddb5-4fa4-a97d-d965ccfc6d4b" outcome="Passed" testListId="8c84fa94-04c1-424b-9868-57a2d4851a1d" relativeResultsDirectory="519afda2-12b9-4365-8569-3e3eef6e328b" />
    <UnitTestResult executionId="9cdab762-f29b-4bc9-86f4-3806cc0d2edb" testId="c1d433c1-cdaa-f302-c382-608f7f5ae6b3" testName="CrmObras.Application.Tests.CreateWorkCommandHandlerTests.HandleAsync_ShouldThrow_WhenMandatoryFieldsAreMissing" computerName="NB-T405216" duration="00:00:00.0051796" startTime="2026-03-18T11:49:49.1245352-03:00" endTime="2026-03-18T11:49:49.1245352-03:00" testType="13cdc9d9-ddb5-4fa4-a97d-d965ccfc6d4b" outcome="Passed" testListId="8c84fa94-04c1-424b-9868-57a2d4851a1d" relativeResultsDirectory="9cdab762-f29b-4bc9-86f4-3806cc0d2edb" />
    <UnitTestResult executionId="2e8fd5d6-d9eb-4e8d-8f52-de5b75c9474f" testId="019404f1-f162-01ad-64b7-12abd322a8c4" testName="CrmObras.Application.Tests.UploadDocumentCommandHandlerTests.HandleAsync_ShouldPersistDocumentMetadata" computerName="NB-T405216" duration="00:00:01.3536364" startTime="2026-03-18T11:49:49.1222045-03:00" endTime="2026-03-18T11:49:49.1222046-03:00" testType="13cdc9d9-ddb5-4fa4-a97d-d965ccfc6d4b" outcome="Passed" testListId="8c84fa94-04c1-424b-9868-57a2d4851a1d" relativeResultsDirectory="2e8fd5d6-d9eb-4e8d-8f52-de5b75c9474f" />
    <UnitTestResult executionId="e49e254a-e946-4aca-b8aa-0f061e60cb18" testId="c8a9bbda-e968-3136-32ee-1aa03629414f" testName="CrmObras.Application.Tests.GetSupplierQueryHandlerTests.HandleAsync_ShouldReturnSupplier_WhenExists" computerName="NB-T405216" duration="00:00:00.0415838" startTime="2026-03-18T11:49:49.1450133-03:00" endTime="2026-03-18T11:49:49.1450140-03:00" testType="13cdc9d9-ddb5-4fa4-a97d-d965ccfc6d4b" outcome="Passed" testListId="8c84fa94-04c1-424b-9868-57a2d4851a1d" relativeResultsDirectory="e49e254a-e946-4aca-b8aa-0f061e60cb18" />
    <UnitTestResult executionId="62c4d315-832e-4ae3-b2c7-54412b4fc70c" testId="67d950c6-a70f-20fa-c6d3-31f5d117eb76" testName="CrmObras.Application.Tests.UpdateUserCommandHandlerTests.HandleAsync_ShouldUpdateUser_WhenExists" computerName="NB-T405216" duration="00:00:01.3150291" startTime="2026-03-18T11:49:49.0686082-03:00" endTime="2026-03-18T11:49:49.0686701-03:00" testType="13cdc9d9-ddb5-4fa4-a97d-d965ccfc6d4b" outcome="Passed" testListId="8c84fa94-04c1-424b-9868-57a2d4851a1d" relativeResultsDirectory="62c4d315-832e-4ae3-b2c7-54412b4fc70c" />
    <UnitTestResult executionId="94e852bd-95e2-4f61-9aac-8584cea6c999" testId="a4bf0d45-8f47-b0f0-ea8c-f269dbd73ba5" testName="CrmObras.Application.Tests.DeleteUserCommandHandlerTests.HandleAsync_ShouldThrow_WhenDoesNotExist" computerName="NB-T405216" duration="00:00:00.0119656" startTime="2026-03-18T11:49:49.1241709-03:00" endTime="2026-03-18T11:49:49.1241710-03:00" testType="13cdc9d9-ddb5-4fa4-a97d-d965ccfc6d4b" outcome="Passed" testListId="8c84fa94-04c1-424b-9868-57a2d4851a1d" relativeResultsDirectory="94e852bd-95e2-4f61-9aac-8584cea6c999" />
  </Results>
  <TestDefinitions>
    <UnitTest name="CrmObras.Application.Tests.UpdateSupplierCommandHandlerTests.HandleAsync_ShouldThrow_WhenDoesNotExist" storage="c:\projetos\crm-obras\backend\tests\crmobras.application.tests\bin\debug\net10.0\crmobras.application.tests.dll" id="ac82865b-8374-2045-2c1b-30a15f0585d0">
      <Execution id="514122dc-a079-4d98-83ae-0b025093f515" />
      <TestMethod codeBase="C:\Projetos\crm-obras\backend\tests\CrmObras.Application.Tests\bin\Debug\net10.0\CrmObras.Application.Tests.dll" adapterTypeName="executor://xunit/VsTestRunner2/netcoreapp" className="CrmObras.Application.Tests.UpdateSupplierCommandHandlerTests" name="HandleAsync_ShouldThrow_WhenDoesNotExist" />
    </UnitTest>
    <UnitTest name="CrmObras.Application.Tests.GetSupplierQueryHandlerTests.HandleAsync_ShouldReturnSupplier_WhenExists" storage="c:\projetos\crm-obras\backend\tests\crmobras.application.tests\bin\debug\net10.0\crmobras.application.tests.dll" id="c8a9bbda-e968-3136-32ee-1aa03629414f">
      <Execution id="e49e254a-e946-4aca-b8aa-0f061e60cb18" />
      <TestMethod codeBase="C:\Projetos\crm-obras\backend\tests\CrmObras.Application.Tests\bin\Debug\net10.0\CrmObras.Application.Tests.dll" adapterTypeName="executor://xunit/VsTestRunner2/netcoreapp" className="CrmObras.Application.Tests.GetSupplierQueryHandlerTests" name="HandleAsync_ShouldReturnSupplier_WhenExists" />
    </UnitTest>
    <UnitTest name="CrmObras.Application.Tests.CreateWorkCommandHandlerTests.HandleAsync_ShouldThrow_WhenMandatoryFieldsAreMissing" storage="c:\projetos\crm-obras\backend\tests\crmobras.application.tests\bin\debug\net10.0\crmobras.application.tests.dll" id="c1d433c1-cdaa-f302-c382-608f7f5ae6b3">
      <Execution id="9cdab762-f29b-4bc9-86f4-3806cc0d2edb" />
      <TestMethod codeBase="C:\Projetos\crm-obras\backend\tests\CrmObras.Application.Tests\bin\Debug\net10.0\CrmObras.Application.Tests.dll" adapterTypeName="executor://xunit/VsTestRunner2/netcoreapp" className="CrmObras.Application.Tests.CreateWorkCommandHandlerTests" name="HandleAsync_ShouldThrow_WhenMandatoryFieldsAreMissing" />
    </UnitTest>
    <UnitTest name="CrmObras.Application.Tests.ListWorksQueryHandlerTests.HandleAsync_ShouldReturnProjects" storage="c:\projetos\crm-obras\backend\tests\crmobras.application.tests\bin\debug\net10.0\crmobras.application.tests.dll" id="01c70db9-5169-435b-571a-114cb2e89e7b">
      <Execution id="967e8389-14ac-473a-9ba5-f716a88224de" />
      <TestMethod codeBase="C:\Projetos\crm-obras\backend\tests\CrmObras.Application.Tests\bin\Debug\net10.0\CrmObras.Application.Tests.dll" adapterTypeName="executor://xunit/VsTestRunner2/netcoreapp" className="CrmObras.Application.Tests.ListWorksQueryHandlerTests" name="HandleAsync_ShouldReturnProjects" />
    </UnitTest>
    <UnitTest name="CrmObras.Application.Tests.DeleteWorkCommandHandlerTests.HandleAsync_ShouldDeleteWork_WhenWorkExists" storage="c:\projetos\crm-obras\backend\tests\crmobras.application.tests\bin\debug\net10.0\crmobras.application.tests.dll" id="023a3f7a-7361-ba5a-0e58-9fec87710b4a">
      <Execution id="47b52bfc-efb7-4bf9-b2c4-712d5b2df9a2" />
      <TestMethod codeBase="C:\Projetos\crm-obras\backend\tests\CrmObras.Application.Tests\bin\Debug\net10.0\CrmObras.Application.Tests.dll" adapterTypeName="executor://xunit/VsTestRunner2/netcoreapp" className="CrmObras.Application.Tests.DeleteWorkCommandHandlerTests" name="HandleAsync_ShouldDeleteWork_WhenWorkExists" />
    </UnitTest>
    <UnitTest name="CrmObras.Application.Tests.GetUserQueryHandlerTests.HandleAsync_ShouldThrow_WhenDoesNotExist" storage="c:\projetos\crm-obras\backend\tests\crmobras.application.tests\bin\debug\net10.0\crmobras.application.tests.dll" id="68c1b36c-1f5b-eaf9-1e26-bbd99f82de82">
      <Execution id="d6136c69-9203-4465-8d22-4f9ad8111f8f" />
      <TestMethod codeBase="C:\Projetos\crm-obras\backend\tests\CrmObras.Application.Tests\bin\Debug\net10.0\CrmObras.Application.Tests.dll" adapterTypeName="executor://xunit/VsTestRunner2/netcoreapp" className="CrmObras.Application.Tests.GetUserQueryHandlerTests" name="HandleAsync_ShouldThrow_WhenDoesNotExist" />
    </UnitTest>
    <UnitTest name="CrmObras.Application.Tests.CreateExpenseCommandHandlerTests.HandleAsync_ShouldThrow_WhenAmountIsInvalid" storage="c:\projetos\crm-obras\backend\tests\crmobras.application.tests\bin\debug\net10.0\crmobras.application.tests.dll" id="59a144fb-c57e-95d3-c9bc-d436ac938466">
      <Execution id="709b488b-09fb-42f6-8f55-ea756569853d" />
      <TestMethod codeBase="C:\Projetos\crm-obras\backend\tests\CrmObras.Application.Tests\bin\Debug\net10.0\CrmObras.Application.Tests.dll" adapterTypeName="executor://xunit/VsTestRunner2/netcoreapp" className="CrmObras.Application.Tests.CreateExpenseCommandHandlerTests" name="HandleAsync_ShouldThrow_WhenAmountIsInvalid" />
    </UnitTest>
    <UnitTest name="CrmObras.Application.Tests.ListSuppliersQueryHandlerTests.HandleAsync_ShouldReturnSuppliers" storage="c:\projetos\crm-obras\backend\tests\crmobras.application.tests\bin\debug\net10.0\crmobras.application.tests.dll" id="06a4792e-928e-f6bc-cc51-552530e18ee3">
      <Execution id="f9b0eb48-4d26-4cfb-89e2-9c9f8c997cb0" />
      <TestMethod codeBase="C:\Projetos\crm-obras\backend\tests\CrmObras.Application.Tests\bin\Debug\net10.0\CrmObras.Application.Tests.dll" adapterTypeName="executor://xunit/VsTestRunner2/netcoreapp" className="CrmObras.Application.Tests.ListSuppliersQueryHandlerTests" name="HandleAsync_ShouldReturnSuppliers" />
    </UnitTest>
    <UnitTest name="CrmObras.Application.Tests.CreateSupplierCommandHandlerTests.HandleAsync_ShouldCreateSupplier" storage="c:\projetos\crm-obras\backend\tests\crmobras.application.tests\bin\debug\net10.0\crmobras.application.tests.dll" id="6a1d33fd-7607-0444-ab5f-aa0981472f1f">
      <Execution id="ad51a33e-c8d1-4381-b939-5c79158703d2" />
      <TestMethod codeBase="C:\Projetos\crm-obras\backend\tests\CrmObras.Application.Tests\bin\Debug\net10.0\CrmObras.Application.Tests.dll" adapterTypeName="executor://xunit/VsTestRunner2/netcoreapp" className="CrmObras.Application.Tests.CreateSupplierCommandHandlerTests" name="HandleAsync_ShouldCreateSupplier" />
    </UnitTest>
    <UnitTest name="CrmObras.Application.Tests.GetUserQueryHandlerTests.HandleAsync_ShouldReturnUser_WhenExists" storage="c:\projetos\crm-obras\backend\tests\crmobras.application.tests\bin\debug\net10.0\crmobras.application.tests.dll" id="b7a10502-3884-a088-3018-6b61d7d22712">
      <Execution id="b5978e54-b632-4364-84a8-31e1fafb12da" />
      <TestMethod codeBase="C:\Projetos\crm-obras\backend\tests\CrmObras.Application.Tests\bin\Debug\net10.0\CrmObras.Application.Tests.dll" adapterTypeName="executor://xunit/VsTestRunner2/netcoreapp" className="CrmObras.Application.Tests.GetUserQueryHandlerTests" name="HandleAsync_ShouldReturnUser_WhenExists" />
    </UnitTest>
    <UnitTest name="CrmObras.Application.Tests.DeleteWorkCommandHandlerTests.HandleAsync_ShouldThrowException_WhenWorkDoesNotExist" storage="c:\projetos\crm-obras\backend\tests\crmobras.application.tests\bin\debug\net10.0\crmobras.application.tests.dll" id="2079fcb5-ce74-816b-a339-51116b707bc7">
      <Execution id="49081120-4c0d-4f97-b25b-b9304461b94c" />
      <TestMethod codeBase="C:\Projetos\crm-obras\backend\tests\CrmObras.Application.Tests\bin\Debug\net10.0\CrmObras.Application.Tests.dll" adapterTypeName="executor://xunit/VsTestRunner2/netcoreapp" className="CrmObras.Application.Tests.DeleteWorkCommandHandlerTests" name="HandleAsync_ShouldThrowException_WhenWorkDoesNotExist" />
    </UnitTest>
    <UnitTest name="CrmObras.Application.Tests.DeleteSupplierCommandHandlerTests.HandleAsync_ShouldThrow_WhenDoesNotExist" storage="c:\projetos\crm-obras\backend\tests\crmobras.application.tests\bin\debug\net10.0\crmobras.application.tests.dll" id="27b64a79-18e0-c710-75d2-393e847d6ad7">
      <Execution id="95f534e2-d4f3-4ec7-997e-b86691c84f3a" />
      <TestMethod codeBase="C:\Projetos\crm-obras\backend\tests\CrmObras.Application.Tests\bin\Debug\net10.0\CrmObras.Application.Tests.dll" adapterTypeName="executor://xunit/VsTestRunner2/netcoreapp" className="CrmObras.Application.Tests.DeleteSupplierCommandHandlerTests" name="HandleAsync_ShouldThrow_WhenDoesNotExist" />
    </UnitTest>
    <UnitTest name="CrmObras.Application.Tests.UpdateSupplierCommandHandlerTests.HandleAsync_ShouldUpdateSupplier_WhenExists" storage="c:\projetos\crm-obras\backend\tests\crmobras.application.tests\bin\debug\net10.0\crmobras.application.tests.dll" id="767bb756-bda9-a886-ee45-c16b13500985">
      <Execution id="c018e600-fbad-4091-ba1f-75c3287da225" />
      <TestMethod codeBase="C:\Projetos\crm-obras\backend\tests\CrmObras.Application.Tests\bin\Debug\net10.0\CrmObras.Application.Tests.dll" adapterTypeName="executor://xunit/VsTestRunner2/netcoreapp" className="CrmObras.Application.Tests.UpdateSupplierCommandHandlerTests" name="HandleAsync_ShouldUpdateSupplier_WhenExists" />
    </UnitTest>
    <UnitTest name="CrmObras.Application.Tests.DeleteSupplierCommandHandlerTests.HandleAsync_ShouldDeleteSupplier_WhenExists" storage="c:\projetos\crm-obras\backend\tests\crmobras.application.tests\bin\debug\net10.0\crmobras.application.tests.dll" id="f467f0ec-910a-f2e9-52b9-f8cc67817593">
      <Execution id="9bb81c9f-bcde-44d9-bd82-33b152c9db52" />
      <TestMethod codeBase="C:\Projetos\crm-obras\backend\tests\CrmObras.Application.Tests\bin\Debug\net10.0\CrmObras.Application.Tests.dll" adapterTypeName="executor://xunit/VsTestRunner2/netcoreapp" className="CrmObras.Application.Tests.DeleteSupplierCommandHandlerTests" name="HandleAsync_ShouldDeleteSupplier_WhenExists" />
    </UnitTest>
    <UnitTest name="CrmObras.Application.Tests.AuthServiceTests.LoginAsync_ShouldThrow_WhenPasswordIsInvalid" storage="c:\projetos\crm-obras\backend\tests\crmobras.application.tests\bin\debug\net10.0\crmobras.application.tests.dll" id="2f587bed-1bde-d99b-52a3-088f74cbdd7e">
      <Execution id="3d07de23-aaee-43e0-94d7-e4ddff8f084a" />
      <TestMethod codeBase="C:\Projetos\crm-obras\backend\tests\CrmObras.Application.Tests\bin\Debug\net10.0\CrmObras.Application.Tests.dll" adapterTypeName="executor://xunit/VsTestRunner2/netcoreapp" className="CrmObras.Application.Tests.AuthServiceTests" name="LoginAsync_ShouldThrow_WhenPasswordIsInvalid" />
    </UnitTest>
    <UnitTest name="CrmObras.Application.Tests.UpdateUserCommandHandlerTests.HandleAsync_ShouldUpdateUser_WhenExists" storage="c:\projetos\crm-obras\backend\tests\crmobras.application.tests\bin\debug\net10.0\crmobras.application.tests.dll" id="67d950c6-a70f-20fa-c6d3-31f5d117eb76">
      <Execution id="62c4d315-832e-4ae3-b2c7-54412b4fc70c" />
      <TestMethod codeBase="C:\Projetos\crm-obras\backend\tests\CrmObras.Application.Tests\bin\Debug\net10.0\CrmObras.Application.Tests.dll" adapterTypeName="executor://xunit/VsTestRunner2/netcoreapp" className="CrmObras.Application.Tests.UpdateUserCommandHandlerTests" name="HandleAsync_ShouldUpdateUser_WhenExists" />
    </UnitTest>
    <UnitTest name="CrmObras.Application.Tests.UpdateUserCommandHandlerTests.HandleAsync_ShouldThrow_WhenDoesNotExist" storage="c:\projetos\crm-obras\backend\tests\crmobras.application.tests\bin\debug\net10.0\crmobras.application.tests.dll" id="9c283b11-bc64-6486-8d66-e97e20732d87">
      <Execution id="cccdc7ab-e44d-4e2d-8241-dd2398d79374" />
      <TestMethod codeBase="C:\Projetos\crm-obras\backend\tests\CrmObras.Application.Tests\bin\Debug\net10.0\CrmObras.Application.Tests.dll" adapterTypeName="executor://xunit/VsTestRunner2/netcoreapp" className="CrmObras.Application.Tests.UpdateUserCommandHandlerTests" name="HandleAsync_ShouldThrow_WhenDoesNotExist" />
    </UnitTest>
    <UnitTest name="CrmObras.Application.Tests.CreateWorkCommandHandlerTests.HandleAsync_ShouldPersistProject_WhenValid" storage="c:\projetos\crm-obras\backend\tests\crmobras.application.tests\bin\debug\net10.0\crmobras.application.tests.dll" id="6e302d78-f972-30c6-9fbd-30b2e1e271ca">
      <Execution id="5bf894e3-5fbd-44fe-af14-64dfd54b0562" />
      <TestMethod codeBase="C:\Projetos\crm-obras\backend\tests\CrmObras.Application.Tests\bin\Debug\net10.0\CrmObras.Application.Tests.dll" adapterTypeName="executor://xunit/VsTestRunner2/netcoreapp" className="CrmObras.Application.Tests.CreateWorkCommandHandlerTests" name="HandleAsync_ShouldPersistProject_WhenValid" />
    </UnitTest>
    <UnitTest name="CrmObras.Application.Tests.UploadDocumentCommandHandlerTests.HandleAsync_ShouldPersistDocumentMetadata" storage="c:\projetos\crm-obras\backend\tests\crmobras.application.tests\bin\debug\net10.0\crmobras.application.tests.dll" id="019404f1-f162-01ad-64b7-12abd322a8c4">
      <Execution id="2e8fd5d6-d9eb-4e8d-8f52-de5b75c9474f" />
      <TestMethod codeBase="C:\Projetos\crm-obras\backend\tests\CrmObras.Application.Tests\bin\Debug\net10.0\CrmObras.Application.Tests.dll" adapterTypeName="executor://xunit/VsTestRunner2/netcoreapp" className="CrmObras.Application.Tests.UploadDocumentCommandHandlerTests" name="HandleAsync_ShouldPersistDocumentMetadata" />
    </UnitTest>
    <UnitTest name="CrmObras.Application.Tests.AuthServiceTests.RegisterAsync_ShouldCreateUserAndReturnToken" storage="c:\projetos\crm-obras\backend\tests\crmobras.application.tests\bin\debug\net10.0\crmobras.application.tests.dll" id="9d84270f-941b-cb18-2e36-e2982dd33a25">
      <Execution id="8684a7be-c4d4-4dfd-807e-aec701f7a908" />
      <TestMethod codeBase="C:\Projetos\crm-obras\backend\tests\CrmObras.Application.Tests\bin\Debug\net10.0\CrmObras.Application.Tests.dll" adapterTypeName="executor://xunit/VsTestRunner2/netcoreapp" className="CrmObras.Application.Tests.AuthServiceTests" name="RegisterAsync_ShouldCreateUserAndReturnToken" />
    </UnitTest>
    <UnitTest name="CrmObras.Application.Tests.DeleteUserCommandHandlerTests.HandleAsync_ShouldThrow_WhenDoesNotExist" storage="c:\projetos\crm-obras\backend\tests\crmobras.application.tests\bin\debug\net10.0\crmobras.application.tests.dll" id="a4bf0d45-8f47-b0f0-ea8c-f269dbd73ba5">
      <Execution id="94e852bd-95e2-4f61-9aac-8584cea6c999" />
      <TestMethod codeBase="C:\Projetos\crm-obras\backend\tests\CrmObras.Application.Tests\bin\Debug\net10.0\CrmObras.Application.Tests.dll" adapterTypeName="executor://xunit/VsTestRunner2/netcoreapp" className="CrmObras.Application.Tests.DeleteUserCommandHandlerTests" name="HandleAsync_ShouldThrow_WhenDoesNotExist" />
    </UnitTest>
    <UnitTest name="CrmObras.Application.Tests.UploadDocumentCommandHandlerTests.HandleAsync_ShouldThrow_WhenCategoryIsMissing" storage="c:\projetos\crm-obras\backend\tests\crmobras.application.tests\bin\debug\net10.0\crmobras.application.tests.dll" id="abf7c337-b495-0dc6-91f4-dbd3fa420a65">
      <Execution id="316d7a8e-76cc-44f0-9338-6e5348d47f4d" />
      <TestMethod codeBase="C:\Projetos\crm-obras\backend\tests\CrmObras.Application.Tests\bin\Debug\net10.0\CrmObras.Application.Tests.dll" adapterTypeName="executor://xunit/VsTestRunner2/netcoreapp" className="CrmObras.Application.Tests.UploadDocumentCommandHandlerTests" name="HandleAsync_ShouldThrow_WhenCategoryIsMissing" />
    </UnitTest>
    <UnitTest name="CrmObras.Application.Tests.UpdateWorkCommandHandlerTests.HandleAsync_ShouldThrowException_WhenWorkDoesNotExist" storage="c:\projetos\crm-obras\backend\tests\crmobras.application.tests\bin\debug\net10.0\crmobras.application.tests.dll" id="b21f6f83-0782-aeff-76ec-c7e3ae44c255">
      <Execution id="1a76a6a2-f349-4e9e-861f-25c96e45d094" />
      <TestMethod codeBase="C:\Projetos\crm-obras\backend\tests\CrmObras.Application.Tests\bin\Debug\net10.0\CrmObras.Application.Tests.dll" adapterTypeName="executor://xunit/VsTestRunner2/netcoreapp" className="CrmObras.Application.Tests.UpdateWorkCommandHandlerTests" name="HandleAsync_ShouldThrowException_WhenWorkDoesNotExist" />
    </UnitTest>
    <UnitTest name="CrmObras.Application.Tests.GetWorkQueryHandlerTests.HandleAsync_ShouldThrowException_WhenWorkDoesNotExist" storage="c:\projetos\crm-obras\backend\tests\crmobras.application.tests\bin\debug\net10.0\crmobras.application.tests.dll" id="298ed5e1-01e5-b05e-f06e-b14abbf4e033">
      <Execution id="90a6babe-eea5-4e95-83d1-b0eac645e124" />
      <TestMethod codeBase="C:\Projetos\crm-obras\backend\tests\CrmObras.Application.Tests\bin\Debug\net10.0\CrmObras.Application.Tests.dll" adapterTypeName="executor://xunit/VsTestRunner2/netcoreapp" className="CrmObras.Application.Tests.GetWorkQueryHandlerTests" name="HandleAsync_ShouldThrowException_WhenWorkDoesNotExist" />
    </UnitTest>
    <UnitTest name="CrmObras.Application.Tests.GetSupplierQueryHandlerTests.HandleAsync_ShouldThrow_WhenDoesNotExist" storage="c:\projetos\crm-obras\backend\tests\crmobras.application.tests\bin\debug\net10.0\crmobras.application.tests.dll" id="b54c4fbf-2426-2f47-62f8-7ed77b6dd926">
      <Execution id="8f1d3153-fa35-4ae4-bef7-362eaa0816e2" />
      <TestMethod codeBase="C:\Projetos\crm-obras\backend\tests\CrmObras.Application.Tests\bin\Debug\net10.0\CrmObras.Application.Tests.dll" adapterTypeName="executor://xunit/VsTestRunner2/netcoreapp" className="CrmObras.Application.Tests.GetSupplierQueryHandlerTests" name="HandleAsync_ShouldThrow_WhenDoesNotExist" />
    </UnitTest>
    <UnitTest name="CrmObras.Application.Tests.ListUsersQueryHandlerTests.HandleAsync_ShouldReturnUsers" storage="c:\projetos\crm-obras\backend\tests\crmobras.application.tests\bin\debug\net10.0\crmobras.application.tests.dll" id="b2c2cf51-1279-5196-232b-025af20a53bf">
      <Execution id="e3b990b2-a118-4f03-8a92-341d98097d64" />
      <TestMethod codeBase="C:\Projetos\crm-obras\backend\tests\CrmObras.Application.Tests\bin\Debug\net10.0\CrmObras.Application.Tests.dll" adapterTypeName="executor://xunit/VsTestRunner2/netcoreapp" className="CrmObras.Application.Tests.ListUsersQueryHandlerTests" name="HandleAsync_ShouldReturnUsers" />
    </UnitTest>
    <UnitTest name="CrmObras.Application.Tests.CreateExpenseCommandHandlerTests.HandleAsync_ShouldPersistExpense_WhenValid" storage="c:\projetos\crm-obras\backend\tests\crmobras.application.tests\bin\debug\net10.0\crmobras.application.tests.dll" id="3aa84e1f-0765-4946-cbad-de50f65cbcc5">
      <Execution id="eba89b60-8e6d-43ba-8b1a-58363b5ce083" />
      <TestMethod codeBase="C:\Projetos\crm-obras\backend\tests\CrmObras.Application.Tests\bin\Debug\net10.0\CrmObras.Application.Tests.dll" adapterTypeName="executor://xunit/VsTestRunner2/netcoreapp" className="CrmObras.Application.Tests.CreateExpenseCommandHandlerTests" name="HandleAsync_ShouldPersistExpense_WhenValid" />
    </UnitTest>
    <UnitTest name="CrmObras.Application.Tests.DeleteUserCommandHandlerTests.HandleAsync_ShouldDeleteUser_WhenExists" storage="c:\projetos\crm-obras\backend\tests\crmobras.application.tests\bin\debug\net10.0\crmobras.application.tests.dll" id="ad322e45-1f33-fc78-56bb-f87c0bccd119">
      <Execution id="0299da0f-fd73-4a90-8cf9-8c3a7aaff87e" />
      <TestMethod codeBase="C:\Projetos\crm-obras\backend\tests\CrmObras.Application.Tests\bin\Debug\net10.0\CrmObras.Application.Tests.dll" adapterTypeName="executor://xunit/VsTestRunner2/netcoreapp" className="CrmObras.Application.Tests.DeleteUserCommandHandlerTests" name="HandleAsync_ShouldDeleteUser_WhenExists" />
    </UnitTest>
    <UnitTest name="CrmObras.Application.Tests.GetWorkQueryHandlerTests.HandleAsync_ShouldReturnWork_WhenWorkExists" storage="c:\projetos\crm-obras\backend\tests\crmobras.application.tests\bin\debug\net10.0\crmobras.application.tests.dll" id="9adda78e-2873-cb51-dab8-09fe21bd4395">
      <Execution id="65562bf3-a2f6-4302-be90-fef7d4131204" />
      <TestMethod codeBase="C:\Projetos\crm-obras\backend\tests\CrmObras.Application.Tests\bin\Debug\net10.0\CrmObras.Application.Tests.dll" adapterTypeName="executor://xunit/VsTestRunner2/netcoreapp" className="CrmObras.Application.Tests.GetWorkQueryHandlerTests" name="HandleAsync_ShouldReturnWork_WhenWorkExists" />
    </UnitTest>
    <UnitTest name="CrmObras.Application.Tests.UpdateWorkCommandHandlerTests.HandleAsync_ShouldUpdateWork_WhenWorkExists" storage="c:\projetos\crm-obras\backend\tests\crmobras.application.tests\bin\debug\net10.0\crmobras.application.tests.dll" id="9b09a79c-a9e6-037b-282a-d869a7315eda">
      <Execution id="37b5663d-774f-4206-935a-4d48082fc00c" />
      <TestMethod codeBase="C:\Projetos\crm-obras\backend\tests\CrmObras.Application.Tests\bin\Debug\net10.0\CrmObras.Application.Tests.dll" adapterTypeName="executor://xunit/VsTestRunner2/netcoreapp" className="CrmObras.Application.Tests.UpdateWorkCommandHandlerTests" name="HandleAsync_ShouldUpdateWork_WhenWorkExists" />
    </UnitTest>
    <UnitTest name="CrmObras.Application.Tests.ProjectStageServiceTests.CreateAsync_ShouldPersistStage" storage="c:\projetos\crm-obras\backend\tests\crmobras.application.tests\bin\debug\net10.0\crmobras.application.tests.dll" id="81e67599-0b32-a3f3-eec2-2a29a8ff3bd4">
      <Execution id="fbae8aae-a247-4ef6-bac7-5e2cf6ad314d" />
      <TestMethod codeBase="C:\Projetos\crm-obras\backend\tests\CrmObras.Application.Tests\bin\Debug\net10.0\CrmObras.Application.Tests.dll" adapterTypeName="executor://xunit/VsTestRunner2/netcoreapp" className="CrmObras.Application.Tests.ProjectStageServiceTests" name="CreateAsync_ShouldPersistStage" />
    </UnitTest>
    <UnitTest name="CrmObras.Application.Tests.WorkPermissionHandlerTests.HandleRequirementAsync_ShouldSucceed_WhenUserHasPermission" storage="c:\projetos\crm-obras\backend\tests\crmobras.application.tests\bin\debug\net10.0\crmobras.application.tests.dll" id="a99b9924-c8a5-8f4b-1dde-6fd57b153e34">
      <Execution id="9b633ce4-d7a1-41da-a4d2-7927ce2ed1f8" />
      <TestMethod codeBase="C:\Projetos\crm-obras\backend\tests\CrmObras.Application.Tests\bin\Debug\net10.0\CrmObras.Application.Tests.dll" adapterTypeName="executor://xunit/VsTestRunner2/netcoreapp" className="CrmObras.Application.Tests.WorkPermissionHandlerTests" name="HandleRequirementAsync_ShouldSucceed_WhenUserHasPermission" />
    </UnitTest>
    <UnitTest name="CrmObras.Application.Tests.MaterialServiceTests.CreateAndList_ShouldReturnMaterialDtos" storage="c:\projetos\crm-obras\backend\tests\crmobras.application.tests\bin\debug\net10.0\crmobras.application.tests.dll" id="b52ead08-d3c9-bcec-f9af-d2960096a9a7">
      <Execution id="519afda2-12b9-4365-8569-3e3eef6e328b" />
      <TestMethod codeBase="C:\Projetos\crm-obras\backend\tests\CrmObras.Application.Tests\bin\Debug\net10.0\CrmObras.Application.Tests.dll" adapterTypeName="executor://xunit/VsTestRunner2/netcoreapp" className="CrmObras.Application.Tests.MaterialServiceTests" name="CreateAndList_ShouldReturnMaterialDtos" />
    </UnitTest>
    <UnitTest name="CrmObras.Application.Tests.GetProjectCostSummaryQueryHandlerTests.HandleAsync_ShouldConsolidateCostsByType" storage="c:\projetos\crm-obras\backend\tests\crmobras.application.tests\bin\debug\net10.0\crmobras.application.tests.dll" id="fb0a19ba-6185-e3e9-acef-66b0cc3e326f">
      <Execution id="8bca0113-1a26-4d5c-97ca-07eb1e5c7f02" />
      <TestMethod codeBase="C:\Projetos\crm-obras\backend\tests\CrmObras.Application.Tests\bin\Debug\net10.0\CrmObras.Application.Tests.dll" adapterTypeName="executor://xunit/VsTestRunner2/netcoreapp" className="CrmObras.Application.Tests.GetProjectCostSummaryQueryHandlerTests" name="HandleAsync_ShouldConsolidateCostsByType" />
    </UnitTest>
  </TestDefinitions>
  <TestEntries>
    <TestEntry testId="f467f0ec-910a-f2e9-52b9-f8cc67817593" executionId="9bb81c9f-bcde-44d9-bd82-33b152c9db52" testListId="8c84fa94-04c1-424b-9868-57a2d4851a1d" />
    <TestEntry testId="68c1b36c-1f5b-eaf9-1e26-bbd99f82de82" executionId="d6136c69-9203-4465-8d22-4f9ad8111f8f" testListId="8c84fa94-04c1-424b-9868-57a2d4851a1d" />
    <TestEntry testId="298ed5e1-01e5-b05e-f06e-b14abbf4e033" executionId="90a6babe-eea5-4e95-83d1-b0eac645e124" testListId="8c84fa94-04c1-424b-9868-57a2d4851a1d" />
    <TestEntry testId="3aa84e1f-0765-4946-cbad-de50f65cbcc5" executionId="eba89b60-8e6d-43ba-8b1a-58363b5ce083" testListId="8c84fa94-04c1-424b-9868-57a2d4851a1d" />
    <TestEntry testId="a99b9924-c8a5-8f4b-1dde-6fd57b153e34" executionId="9b633ce4-d7a1-41da-a4d2-7927ce2ed1f8" testListId="8c84fa94-04c1-424b-9868-57a2d4851a1d" />
    <TestEntry testId="b2c2cf51-1279-5196-232b-025af20a53bf" executionId="e3b990b2-a118-4f03-8a92-341d98097d64" testListId="8c84fa94-04c1-424b-9868-57a2d4851a1d" />
    <TestEntry testId="01c70db9-5169-435b-571a-114cb2e89e7b" executionId="967e8389-14ac-473a-9ba5-f716a88224de" testListId="8c84fa94-04c1-424b-9868-57a2d4851a1d" />
    <TestEntry testId="b54c4fbf-2426-2f47-62f8-7ed77b6dd926" executionId="8f1d3153-fa35-4ae4-bef7-362eaa0816e2" testListId="8c84fa94-04c1-424b-9868-57a2d4851a1d" />
    <TestEntry testId="9adda78e-2873-cb51-dab8-09fe21bd4395" executionId="65562bf3-a2f6-4302-be90-fef7d4131204" testListId="8c84fa94-04c1-424b-9868-57a2d4851a1d" />
    <TestEntry testId="06a4792e-928e-f6bc-cc51-552530e18ee3" executionId="f9b0eb48-4d26-4cfb-89e2-9c9f8c997cb0" testListId="8c84fa94-04c1-424b-9868-57a2d4851a1d" />
    <TestEntry testId="023a3f7a-7361-ba5a-0e58-9fec87710b4a" executionId="47b52bfc-efb7-4bf9-b2c4-712d5b2df9a2" testListId="8c84fa94-04c1-424b-9868-57a2d4851a1d" />
    <TestEntry testId="81e67599-0b32-a3f3-eec2-2a29a8ff3bd4" executionId="fbae8aae-a247-4ef6-bac7-5e2cf6ad314d" testListId="8c84fa94-04c1-424b-9868-57a2d4851a1d" />
    <TestEntry testId="2079fcb5-ce74-816b-a339-51116b707bc7" executionId="49081120-4c0d-4f97-b25b-b9304461b94c" testListId="8c84fa94-04c1-424b-9868-57a2d4851a1d" />
    <TestEntry testId="2f587bed-1bde-d99b-52a3-088f74cbdd7e" executionId="3d07de23-aaee-43e0-94d7-e4ddff8f084a" testListId="8c84fa94-04c1-424b-9868-57a2d4851a1d" />
    <TestEntry testId="59a144fb-c57e-95d3-c9bc-d436ac938466" executionId="709b488b-09fb-42f6-8f55-ea756569853d" testListId="8c84fa94-04c1-424b-9868-57a2d4851a1d" />
    <TestEntry testId="9c283b11-bc64-6486-8d66-e97e20732d87" executionId="cccdc7ab-e44d-4e2d-8241-dd2398d79374" testListId="8c84fa94-04c1-424b-9868-57a2d4851a1d" />
    <TestEntry testId="ad322e45-1f33-fc78-56bb-f87c0bccd119" executionId="0299da0f-fd73-4a90-8cf9-8c3a7aaff87e" testListId="8c84fa94-04c1-424b-9868-57a2d4851a1d" />
    <TestEntry testId="abf7c337-b495-0dc6-91f4-dbd3fa420a65" executionId="316d7a8e-76cc-44f0-9338-6e5348d47f4d" testListId="8c84fa94-04c1-424b-9868-57a2d4851a1d" />
    <TestEntry testId="767bb756-bda9-a886-ee45-c16b13500985" executionId="c018e600-fbad-4091-ba1f-75c3287da225" testListId="8c84fa94-04c1-424b-9868-57a2d4851a1d" />
    <TestEntry testId="fb0a19ba-6185-e3e9-acef-66b0cc3e326f" executionId="8bca0113-1a26-4d5c-97ca-07eb1e5c7f02" testListId="8c84fa94-04c1-424b-9868-57a2d4851a1d" />
    <TestEntry testId="6a1d33fd-7607-0444-ab5f-aa0981472f1f" executionId="ad51a33e-c8d1-4381-b939-5c79158703d2" testListId="8c84fa94-04c1-424b-9868-57a2d4851a1d" />
    <TestEntry testId="b21f6f83-0782-aeff-76ec-c7e3ae44c255" executionId="1a76a6a2-f349-4e9e-861f-25c96e45d094" testListId="8c84fa94-04c1-424b-9868-57a2d4851a1d" />
    <TestEntry testId="9b09a79c-a9e6-037b-282a-d869a7315eda" executionId="37b5663d-774f-4206-935a-4d48082fc00c" testListId="8c84fa94-04c1-424b-9868-57a2d4851a1d" />
    <TestEntry testId="ac82865b-8374-2045-2c1b-30a15f0585d0" executionId="514122dc-a079-4d98-83ae-0b025093f515" testListId="8c84fa94-04c1-424b-9868-57a2d4851a1d" />
    <TestEntry testId="b7a10502-3884-a088-3018-6b61d7d22712" executionId="b5978e54-b632-4364-84a8-31e1fafb12da" testListId="8c84fa94-04c1-424b-9868-57a2d4851a1d" />
    <TestEntry testId="9d84270f-941b-cb18-2e36-e2982dd33a25" executionId="8684a7be-c4d4-4dfd-807e-aec701f7a908" testListId="8c84fa94-04c1-424b-9868-57a2d4851a1d" />
    <TestEntry testId="27b64a79-18e0-c710-75d2-393e847d6ad7" executionId="95f534e2-d4f3-4ec7-997e-b86691c84f3a" testListId="8c84fa94-04c1-424b-9868-57a2d4851a1d" />
    <TestEntry testId="6e302d78-f972-30c6-9fbd-30b2e1e271ca" executionId="5bf894e3-5fbd-44fe-af14-64dfd54b0562" testListId="8c84fa94-04c1-424b-9868-57a2d4851a1d" />
    <TestEntry testId="b52ead08-d3c9-bcec-f9af-d2960096a9a7" executionId="519afda2-12b9-4365-8569-3e3eef6e328b" testListId="8c84fa94-04c1-424b-9868-57a2d4851a1d" />
    <TestEntry testId="c1d433c1-cdaa-f302-c382-608f7f5ae6b3" executionId="9cdab762-f29b-4bc9-86f4-3806cc0d2edb" testListId="8c84fa94-04c1-424b-9868-57a2d4851a1d" />
    <TestEntry testId="019404f1-f162-01ad-64b7-12abd322a8c4" executionId="2e8fd5d6-d9eb-4e8d-8f52-de5b75c9474f" testListId="8c84fa94-04c1-424b-9868-57a2d4851a1d" />
    <TestEntry testId="c8a9bbda-e968-3136-32ee-1aa03629414f" executionId="e49e254a-e946-4aca-b8aa-0f061e60cb18" testListId="8c84fa94-04c1-424b-9868-57a2d4851a1d" />
    <TestEntry testId="67d950c6-a70f-20fa-c6d3-31f5d117eb76" executionId="62c4d315-832e-4ae3-b2c7-54412b4fc70c" testListId="8c84fa94-04c1-424b-9868-57a2d4851a1d" />
    <TestEntry testId="a4bf0d45-8f47-b0f0-ea8c-f269dbd73ba5" executionId="94e852bd-95e2-4f61-9aac-8584cea6c999" testListId="8c84fa94-04c1-424b-9868-57a2d4851a1d" />
  </TestEntries>
  <TestLists>
    <TestList name="Resultados que não estão em uma lista" id="8c84fa94-04c1-424b-9868-57a2d4851a1d" />
    <TestList name="Todos os resultados carregados" id="19431567-8539-422a-85d7-44ee4e166bda" />
  </TestLists>
  <ResultSummary outcome="Completed">
    <Counters total="34" executed="34" passed="34" failed="0" error="0" timeout="0" aborted="0" inconclusive="0" passedButRunAborted="0" notRunnable="0" notExecuted="0" disconnected="0" warning="0" completed="0" inProgress="0" pending="0" />
    <Output>
      <StdOut>[xUnit.net 00:00:00.00] xUnit.net VSTest Adapter v2.8.2+699d445a1a (64-bit .NET 10.0.4)&#xD;
[xUnit.net 00:00:01.46]   Discovering: CrmObras.Application.Tests&#xD;
[xUnit.net 00:00:01.51]   Discovered:  CrmObras.Application.Tests&#xD;
[xUnit.net 00:00:01.51]   Starting:    CrmObras.Application.Tests&#xD;
[xUnit.net 00:00:04.33]   Finished:    CrmObras.Application.Tests&#xD;
</StdOut>
    </Output>
  </ResultSummary>
</TestRun>